// Jest Snapshot v1, https://goo.gl/fbAQLP

exports[`Trailer cards renders correctly 1`] = `
<div
  className="game-trailer-cards__StyledVideoItem-a9c8cw-0 erWEWj"
  onClick={[Function]}
>
  <div
    style={
      Object {
        "boxSizing": "border-box",
        "display": "block",
        "margin": 0,
        "overflow": "hidden",
        "position": "relative",
      }
    }
  >
    <div
      style={
        Object {
          "boxSizing": "border-box",
          "display": "block",
          "paddingTop": "57.14285714285714%",
        }
      }
    />
    <img
      alt="Grand Theft Auto 5"
      decoding="async"
      src="/_next/image?url=%2Fplaystation%2Fvideo-thumbnails%2Fgta-5.jpg&w=1200&q=75"
      srcSet="/_next/image?url=%2Fplaystation%2Fvideo-thumbnails%2Fgta-5.jpg&w=320&q=75 320w, /_next/image?url=%2Fplaystation%2Fvideo-thumbnails%2Fgta-5.jpg&w=420&q=75 420w, /_next/image?url=%2Fplaystation%2Fvideo-thumbnails%2Fgta-5.jpg&w=768&q=75 768w, /_next/image?url=%2Fplaystation%2Fvideo-thumbnails%2Fgta-5.jpg&w=1024&q=75 1024w, /_next/image?url=%2Fplaystation%2Fvideo-thumbnails%2Fgta-5.jpg&w=1200&q=75 1200w"
      style={
        Object {
          "border": "none",
          "bottom": 0,
          "boxSizing": "border-box",
          "display": "block",
          "height": 0,
          "left": 0,
          "margin": "auto",
          "maxHeight": "100%",
          "maxWidth": "100%",
          "minHeight": "100%",
          "minWidth": "100%",
          "padding": 0,
          "position": "absolute",
          "right": 0,
          "top": 0,
          "visibility": "visible",
          "width": 0,
        }
      }
    />
  </div>
  <div
    className="video-info"
  >
    <div
      className="circle-player"
    >
      <svg
        height="24"
        viewBox="0 0 24 24"
        width="24"
        xmlns="http://www.w3.org/2000/svg"
      >
        <path
          d="M0 0h24v24H0z"
          fill="none"
        />
        <path
          d="M8 5v14l11-7z"
        />
      </svg>
    </div>
    <span
      className="title"
    >
      Grand Theft Auto 5
    </span>
  </div>
</div>
`;
