// Jest Snapshot v1, https://goo.gl/fbAQLP

exports[`Latest news cards renders correctly 1`] = `
<a
  className="latest-news-cards__StyledCard-sc-118gbx-0 kuDWlk"
  href="www.google.com"
  target="_blank"
>
  <span>
    27/01/2021
  </span>
  <h1>
    News
  </h1>
  <p>
    Find out more
  </p>
</a>
`;
