// Jest Snapshot v1, https://goo.gl/fbAQLP

exports[`Game info renders correctly 1`] = `
<section
  className="info__StyledInfo-sz20m9-0 kUWuGx"
>
  <span
    className="sub-title"
  >
    Offical news from Playstation | 11/28/2020
  </span>
  <h1>
    Ready for a PS5 Adventure?
  </h1>
  <p>
    ASTRO's PLAYROOM is pre-loaded and waiting for you!
     
    <br />
    explore the new capabilities of PS5 and feel the world...
  </p>
</section>
`;
